// Jest Snapshot v1, https://goo.gl/fbAQLP

exports[`PriorityButtons should create PriorityButtons component 1`] = `
Object {
  "asFragment": [Function],
  "baseElement": <body>
    <div>
      <div
        role="priority"
      />
      <li
        class="modalWindow__priority"
      >
        <button
          class="block__button purple big mr1"
        >
          Very High
        </button>
      </li>
      <li
        class="modalWindow__priority"
      >
        <button
          class="block__button red big mr1"
        >
          High
        </button>
      </li>
      <li
        class="modalWindow__priority"
      >
        <button
          class="block__button green big mr1"
        >
          Normal
        </button>
      </li>
      <li
        class="modalWindow__priority"
      >
        <button
          class="block__button blue big mr1"
        >
          Low
        </button>
      </li>
      <li
        class="modalWindow__priority"
      >
        <button
          class="block__button lightblue big mr1"
        >
          Very Low
        </button>
      </li>
    </div>
  </body>,
  "container": <div>
    <div
      role="priority"
    />
    <li
      class="modalWindow__priority"
    >
      <button
        class="block__button purple big mr1"
      >
        Very High
      </button>
    </li>
    <li
      class="modalWindow__priority"
    >
      <button
        class="block__button red big mr1"
      >
        High
      </button>
    </li>
    <li
      class="modalWindow__priority"
    >
      <button
        class="block__button green big mr1"
      >
        Normal
      </button>
    </li>
    <li
      class="modalWindow__priority"
    >
      <button
        class="block__button blue big mr1"
      >
        Low
      </button>
    </li>
    <li
      class="modalWindow__priority"
    >
      <button
        class="block__button lightblue big mr1"
      >
        Very Low
      </button>
    </li>
  </div>,
  "debug": [Function],
  "findAllByAltText": [Function],
  "findAllByDisplayValue": [Function],
  "findAllByLabelText": [Function],
  "findAllByPlaceholderText": [Function],
  "findAllByRole": [Function],
  "findAllByTestId": [Function],
  "findAllByText": [Function],
  "findAllByTitle": [Function],
  "findByAltText": [Function],
  "findByDisplayValue": [Function],
  "findByLabelText": [Function],
  "findByPlaceholderText": [Function],
  "findByRole": [Function],
  "findByTestId": [Function],
  "findByText": [Function],
  "findByTitle": [Function],
  "getAllByAltText": [Function],
  "getAllByDisplayValue": [Function],
  "getAllByLabelText": [Function],
  "getAllByPlaceholderText": [Function],
  "getAllByRole": [Function],
  "getAllByTestId": [Function],
  "getAllByText": [Function],
  "getAllByTitle": [Function],
  "getByAltText": [Function],
  "getByDisplayValue": [Function],
  "getByLabelText": [Function],
  "getByPlaceholderText": [Function],
  "getByRole": [Function],
  "getByTestId": [Function],
  "getByText": [Function],
  "getByTitle": [Function],
  "queryAllByAltText": [Function],
  "queryAllByDisplayValue": [Function],
  "queryAllByLabelText": [Function],
  "queryAllByPlaceholderText": [Function],
  "queryAllByRole": [Function],
  "queryAllByTestId": [Function],
  "queryAllByText": [Function],
  "queryAllByTitle": [Function],
  "queryByAltText": [Function],
  "queryByDisplayValue": [Function],
  "queryByLabelText": [Function],
  "queryByPlaceholderText": [Function],
  "queryByRole": [Function],
  "queryByTestId": [Function],
  "queryByText": [Function],
  "queryByTitle": [Function],
  "rerender": [Function],
  "unmount": [Function],
}
`;
