// Jest Snapshot v1, https://goo.gl/fbAQLP

exports[`TaskContent should create TaskContent component 1`] = `
Object {
  "asFragment": [Function],
  "baseElement": <body>
    <div>
      <form>
        <div
          role="textarea"
        >
          <div
            style="overflow: hidden; height: auto;"
          >
            <textarea
              autocomplete="off"
              class="block__content_input editMode"
              name="content"
            >
              Watch my favorite
            </textarea>
          </div>
        </div>
        <div
          class="error__message"
        />
        <div
          style="overflow: hidden; height: auto;"
        >
          <div>
            <div>
              <div
                class="block__line block__line-task"
              />
              <div
                class="modalWindow__button task"
              >
                <button
                  class="block__button task purple"
                  data-testid="toggle-btn"
                >
                  <p
                    class="block__button_text"
                  >
                    Very High
                  </p>
                </button>
              </div>
            </div>
          </div>
          <div
            class="block__line block__line-task block__line-task-mt"
          />
          <div
            class="block__content_selection"
          >
            <button
              class="block__content_selection_button delete"
            >
              <img
                alt=""
                class="block__content_selection_img delete"
                src="delete.png"
              />
              <p
                class="block__content_selection_text"
              >
                Delete
              </p>
            </button>
            <button
              class="block__content_selection_button apply"
              disabled=""
              type="submit"
            >
              <img
                alt=""
                class="block__content_selection_img apply"
                src="vector.png"
              />
              <p
                class="block__content_selection_text"
              >
                Apply
              </p>
            </button>
          </div>
        </div>
      </form>
    </div>
  </body>,
  "container": <div>
    <form>
      <div
        role="textarea"
      >
        <div
          style="overflow: hidden; height: auto;"
        >
          <textarea
            autocomplete="off"
            class="block__content_input editMode"
            name="content"
          >
            Watch my favorite
          </textarea>
        </div>
      </div>
      <div
        class="error__message"
      />
      <div
        style="overflow: hidden; height: auto;"
      >
        <div>
          <div>
            <div
              class="block__line block__line-task"
            />
            <div
              class="modalWindow__button task"
            >
              <button
                class="block__button task purple"
                data-testid="toggle-btn"
              >
                <p
                  class="block__button_text"
                >
                  Very High
                </p>
              </button>
            </div>
          </div>
        </div>
        <div
          class="block__line block__line-task block__line-task-mt"
        />
        <div
          class="block__content_selection"
        >
          <button
            class="block__content_selection_button delete"
          >
            <img
              alt=""
              class="block__content_selection_img delete"
              src="delete.png"
            />
            <p
              class="block__content_selection_text"
            >
              Delete
            </p>
          </button>
          <button
            class="block__content_selection_button apply"
            disabled=""
            type="submit"
          >
            <img
              alt=""
              class="block__content_selection_img apply"
              src="vector.png"
            />
            <p
              class="block__content_selection_text"
            >
              Apply
            </p>
          </button>
        </div>
      </div>
    </form>
  </div>,
  "debug": [Function],
  "findAllByAltText": [Function],
  "findAllByDisplayValue": [Function],
  "findAllByLabelText": [Function],
  "findAllByPlaceholderText": [Function],
  "findAllByRole": [Function],
  "findAllByTestId": [Function],
  "findAllByText": [Function],
  "findAllByTitle": [Function],
  "findByAltText": [Function],
  "findByDisplayValue": [Function],
  "findByLabelText": [Function],
  "findByPlaceholderText": [Function],
  "findByRole": [Function],
  "findByTestId": [Function],
  "findByText": [Function],
  "findByTitle": [Function],
  "getAllByAltText": [Function],
  "getAllByDisplayValue": [Function],
  "getAllByLabelText": [Function],
  "getAllByPlaceholderText": [Function],
  "getAllByRole": [Function],
  "getAllByTestId": [Function],
  "getAllByText": [Function],
  "getAllByTitle": [Function],
  "getByAltText": [Function],
  "getByDisplayValue": [Function],
  "getByLabelText": [Function],
  "getByPlaceholderText": [Function],
  "getByRole": [Function],
  "getByTestId": [Function],
  "getByText": [Function],
  "getByTitle": [Function],
  "queryAllByAltText": [Function],
  "queryAllByDisplayValue": [Function],
  "queryAllByLabelText": [Function],
  "queryAllByPlaceholderText": [Function],
  "queryAllByRole": [Function],
  "queryAllByTestId": [Function],
  "queryAllByText": [Function],
  "queryAllByTitle": [Function],
  "queryByAltText": [Function],
  "queryByDisplayValue": [Function],
  "queryByLabelText": [Function],
  "queryByPlaceholderText": [Function],
  "queryByRole": [Function],
  "queryByTestId": [Function],
  "queryByText": [Function],
  "queryByTitle": [Function],
  "rerender": [Function],
  "unmount": [Function],
}
`;
